../Core/Inc/dwt_stm32_delay.h:18:22:DWT_Delay_us	24	static
../Core/Src/stm32_sw_i2c.c:17:6:I2C_init	8	static
../Core/Src/stm32_sw_i2c.c:23:6:I2C_start_cond	8	static
../Core/Src/stm32_sw_i2c.c:34:6:I2C_stop_cond	8	static
../Core/Src/stm32_sw_i2c.c:44:6:I2C_write_bit	16	static
../Core/Src/stm32_sw_i2c.c:57:9:I2C_read_SDA	8	static
../Core/Src/stm32_sw_i2c.c:67:9:I2C_read_bit	16	static
../Core/Src/stm32_sw_i2c.c:83:7:I2C_write_byte	24	static
../Core/Src/stm32_sw_i2c.c:108:9:I2C_read_byte	24	static
../Core/Src/stm32_sw_i2c.c:131:7:I2C_send_byte	16	static
../Core/Src/stm32_sw_i2c.c:147:9:I2C_receive_byte	16	static
../Core/Src/stm32_sw_i2c.c:158:7:I2C_send_byte_data	16	static
../Core/Src/stm32_sw_i2c.c:177:9:I2C_receive_byte_data	16	static
../Core/Src/stm32_sw_i2c.c:196:7:I2C_transmit	24	static
../Core/Src/stm32_sw_i2c.c:219:7:I2C_receive	40	static
